[INFO] Scanning for projects...
[INFO] 
[INFO] ----------------------< com.jobportal:Job-Portal >----------------------
[INFO] Building Job-Portal 0.0.1-SNAPSHOT
[INFO]   from pom.xml
[INFO] --------------------------------[ jar ]---------------------------------
[INFO] 
[INFO] --- resources:3.3.1:resources (default-resources) @ Job-Portal ---
[INFO] Copying 1 resource from src/main/resources to target/classes
[INFO] Copying 1 resource from src/main/resources to target/classes
[INFO] 
[INFO] --- compiler:3.14.1:compile (default-compile) @ Job-Portal ---
[INFO] Nothing to compile - all classes are up to date.
[INFO] ------------------------------------------------------------------------
[INFO] BUILD SUCCESS
[INFO] ------------------------------------------------------------------------
[INFO] Total time:  1.638 s
[INFO] Finished at: 2026-03-01T16:05:07+05:30
[INFO] ------------------------------------------------------------------------
